
Clover EFI installer log - Thu Apr 30 19:17:08 EDT 2020
Installer version: r5115 (commit: fbbaa8ad2) EFI bootloader
======================================================
/dev/disk0 (internal, physical):
   #:                       TYPE NAME                    SIZE       IDENTIFIER
   0:      GUID_partition_scheme                        *250.1 GB   disk0
   1:                        EFI EFI                     209.7 MB   disk0s1
   2:                 Apple_APFS Container disk1         249.7 GB   disk0s2

/dev/disk1 (synthesized):
   #:                       TYPE NAME                    SIZE       IDENTIFIER
   0:      APFS Container Scheme -                      +249.7 GB   disk1
                                 Physical Store disk0s2
   1:                APFS Volume Catalina SSD - Data     819.2 KB   disk1s1
   2:                APFS Volume Preboot                 82.0 MB    disk1s2
   3:                APFS Volume Recovery                526.6 MB   disk1s3
   4:                APFS Volume VM                      2.1 GB     disk1s4
   5:                APFS Volume Catalina SSD - Data     87.8 GB    disk1s5
   6:                APFS Volume Catalina SSD            10.9 GB    disk1s6

/dev/disk2 (internal, physical):
   #:                       TYPE NAME                    SIZE       IDENTIFIER
   0:      GUID_partition_scheme                        *1.0 TB     disk2
   1:                        EFI NO NAME                 209.7 MB   disk2s1
   2:         Microsoft Reserved                         16.8 MB    disk2s2
   3:       Microsoft Basic Data                         419.2 GB   disk2s3
   4:           Linux Filesystem                         100.5 GB   disk2s4
   5:                 Apple_APFS Container disk3         503.6 GB   disk2s5

/dev/disk3 (synthesized):
   #:                       TYPE NAME                    SIZE       IDENTIFIER
   0:      APFS Container Scheme -                      +503.6 GB   disk3
                                 Physical Store disk2s5
   1:                APFS Volume Mojave                  138.7 GB   disk3s1
   2:                APFS Volume Preboot                 42.7 MB    disk3s2
   3:                APFS Volume Recovery                24.6 KB    disk3s3
   4:                APFS Volume VM                      8.6 GB     disk3s4

/dev/disk4 (external, physical):
   #:                       TYPE NAME                    SIZE       IDENTIFIER
   0:      GUID_partition_scheme                        *4.0 GB     disk4
   1:                        EFI EFI                     209.7 MB   disk4s1
   2:                  Apple_HFS HP6460B                 3.7 GB     disk4s2

======================================================
Backing up EFI files

Backing up stage2 file /Volumes/HP6460B /EFIROOTDIR/boot  to /Volumes/HP6460B /EFI-Backups/r5045/2020-04-30-19h17/boot
Backing up /Volumes/HP6460B /EFIROOTDIR/EFI folder to /Volumes/HP6460B /EFI-Backups/r5045/2020-04-30-19h17/EFI
======================================================
Installing BootSectors/BootLoader

Stage 0 - Don't write any of boot0af, boot0md, boot0ss to /Volumes/HP6460B 
Stage 1 - Don't write any of boot1h2, boot1f32alt, boot1xalt to /Volumes/HP6460B 
Stage 2 - Written boot6 (x64) to /Volumes/HP6460B /boot

======================================================
=========== Clover EFI Installation Finish ===========
======================================================
